
処理中: 1 〜 100 件目
  検索中: ISA株式会社 (北海道)
  [レート制限] 120秒待機してリトライ (1/3)...
  [--] 見つからず
  検索中: 有限会社アイ・クリア (北海道)
  [検索エラー] Request timed out: ConnectTimeout('timed out')
  [--] 見つからず
  検索中: アイックス管理株式会社 (北海道)
  [OK] https://recruit-aixkanri.com/about
  検索中: 株式会社アイビックス (北海道)
  [OK] https://www.houjin.info/detail/2430001055741/
  検索中: アイリス警備株式会社 (北海道)
  [--] 見つからず
  検索中: 有限会社アクト警備オフィス (北海道)
  [--] 見つからず
  検索中: 株式会社旭川振興公社 (北海道)
  [検索エラー] Request timed out: ConnectTimeout('timed out')
  [--] 見つからず
  検索中: アサヒ警備保障株式会社 (北海道)
  [OK] http://www.a-s-g.jp/
  検索中: 株式会社アサヒセキュリティ 北海道本部 (北海道)
  [検索エラー] Request timed out: ConnectTimeout('timed out')
  [--] 見つからず
  検索中: アサヒワークセキュリティ株式会社 (北海道)
  [検索エラー] Request timed out: ConnectTimeout('timed out')
  [--] 見つからず
  検索中: 株式会社あすなろ警備 (北海道)
  [検索エラー] Request timed out: ConnectTimeout('timed out')
  [--] 見つからず
  検索中: 株式会社アスビック (北海道)
  [--] 見つからず
  検索中: 株式会社渥美警備保障 札幌営業所 (北海道)
